// Jest Snapshot v1, https://goo.gl/fbAQLP

exports[`Palette Container should match the snapshot 1`] = `
<Fragment>
  <Palette
    colors={
      Array [
        Object {
          "color": "john",
        },
      ]
    }
    deletePalette={[MockFunction]}
    key="john"
    name="ben"
    palettes={
      Array [
        Object {
          "colors": Array [
            Object {
              "color": "john",
            },
          ],
          "name": "ben",
        },
      ]
    }
  />
</Fragment>
`;
